// Vitest Snapshot v1

exports[`happy path > output html 1`] = `
"<h1>Statement for BigCo</h1><Table>
<tr><th>play</th><th>seats</th><th>cost</th></tr><tr><td>Hamlet</td><td>55</td><td>$650.00</td></tr>/n<tr><td>As You Like It</td><td>35</td><td>$580.00</td></tr>/n<tr><td>Othello</td><td>40</td><td>$500.00</td></tr>/n</table>/n<p>Amount owend is <em>$NaN</em></p>/n<p>You earned <em>$NaN</em></p>/n"
`;

exports[`happy path > output text 1`] = `
"Statement for BigCo
Hamlet: $650.00 (55 seats)
As You Like It: $580.00 (35 seats)
Othello: $500.00 (40 seats)
Amount owed is $1,730.00
You earned 47 credits
"
`;
